INFO: kbplacer_plugin_action.py:73: Plugin version: 0.18
INFO: kbplacer_plugin_action.py:74: Python version: '3.11.5 (main, Jan 23 2026, 07:39:48) [MSC v.1944 64 bit (AMD64)]'
INFO: kbplacer_plugin_action.py:75: KiCad version: 10.0.4 with 4.2.2 msw (phoenix) wxWidgets 3.3.2
INFO: kbplacer_dialog.py:799: Language: en
INFO: kbplacer_plugin_action.py:83: GUI state: {"layout_path": "C:\\Users\\Win Win\\Downloads\\keyboard-layout.json", "key_distance": [19.05, 19.05], "key_info": {"annotation_format": "S{}", "position_option": "Default", "position": {"x": 0.0, "y": 0.0, "orientation": 0.0, "side": "Front"}, "template_path": "", "start_index": 1}, "enable_diode_placement": true, "route_switches_with_diodes": true, "optimize_diodes_orientation": false, "diode_info": {"annotation_format": "D{}", "position_option": "Default", "position": {"x": 5.08, "y": 4.0, "orientation": 90.0, "side": "Back"}, "template_path": "", "start_index": -1}, "additional_elements": [], "route_rows_and_columns": true, "template_path": "", "generate_outline": false, "outline_delta": 0.0, "layout_offset": null}
DEBUG: key_placer.py:144: Switches by nets: defaultdict(<class 'list'>, {frozenset({'row0', 'col2'}): ['S3'], frozenset({'row2', 'col2'}): ['S11'], frozenset({'row1', 'col1'}): ['S6'], frozenset({'row0', 'col0'}): ['S1'], frozenset({'row0', 'col1'}): ['S2'], frozenset({'row1', 'col0'}): ['S5'], frozenset({'row2', 'col0'}): ['S9'], frozenset({'row0', 'col3'}): ['S4'], frozenset({'row2', 'col1'}): ['S10'], frozenset({'row4', 'col2'}): ['S19'], frozenset({'row3', 'col0'}): ['S13'], frozenset({'row4', 'col0'}): ['S17'], frozenset({'row1', 'col3'}): ['S8'], frozenset({'row4', 'col3'}): ['S20'], frozenset({'row1', 'col2'}): ['S7'], frozenset({'row3', 'col3'}): ['S16'], frozenset({'row4', 'col1'}): ['S18'], frozenset({'row2', 'col3'}): ['S12'], frozenset({'row3', 'col2'}): ['S15'], frozenset({'row3', 'col1'}): ['S14']})
DEBUG: key_placer.py:148: Diodes by switch: {'S20': ['D20'], 'S19': ['D19'], 'S18': ['D18'], 'S17': ['D17'], 'S16': ['D16'], 'S15': ['D15'], 'S14': ['D14'], 'S13': ['D13'], 'S12': ['D12'], 'S11': ['D11'], 'S10': ['D10'], 'S9': ['D9'], 'S8': ['D8'], 'S7': ['D7'], 'S6': ['D6'], 'S5': ['D5'], 'S4': ['D4'], 'S3': ['D3'], 'S2': ['D2'], 'S1': ['D1']}
INFO: kle_serial.py:1038: User layout: [['Num Lock', '/', '*', '-', {'x': 0.25, 'f': 4, 'w': 14, 'h': 5, 'd': True}, "<h5><b>Getting Started with Keyboard-Layout-Editor.com</b></h5><p>Keyboard-layout-editor.com is a web application that enables the editing of keyboard-layouts, i.e., the position and appearance of each physical key.</p><p>Start by exploring the presets and samples from the menu-bar to give you an idea of the possibilities.  Once you are ready to start designing your own keyboard, just load one of the presets and start customizing it!  Some tips:</p><ul><li>The selected keys can be modified on the <i>Properties</i> tab.</li><li>The <i>Keyboard Properties</i> tab lets you edit the keyboard background and keyboard metadata.</li><li>The <i>Custom Styles</i> tab lets you write advanced CSS styling rules.</li><li>Don't forget the <i>Color Swatches</i> and <i>Character Picker</i> menu items!  These give you easy access to colors and symbol characters, respectively.</li><li>There are a lot of available keyboard shortcuts; press '?' or 'F1' to see a list.</li></ul><p>When you're ready to save your layout, simply 'Sign In' with your <a href='https://www.github.com'>GitHub</a> account and click the <i>Save</i> button.  Your layout will be saved in a GitHub Gist.</p><p>Have fun!</p>"], [{'f': 3}, '7\nHome', '8\n↑', '9\nPgUp', '+'], ['4\n←', '5', '6\n→', {'a': 7}, ''], [{'a': 4}, '1\nEnd', '2\n↓', '3\nPgDn', 'Enter'], [{'a': 7}, '', {'a': 4}, '0', '.\nDel', {'a': 7}, '']]
DEBUG: key_placer.py:757: Using key 1U distance: (19.05, 19.05) mm
DEBUG: key_placer.py:775: Layout offset: (28575000, 28575000)
DEBUG: kle_serial.py:1132: Layout with: x_ortholinear_keys=20, y_ortholinear_keys=21, rotated_keys=0, encoders=0, iso_enters=0 and unrecognized_shape_keys=0
DEBUG: kle_serial.py:1157: Layout tagged: [<KeyboardTag.ROW_STAGGERED: 2>]
DEBUG: board_modifier.py:119: Setting S1 footprint position: (38100000, 38100000)
DEBUG: board_modifier.py:119: Setting S2 footprint position: (57150000, 38100000)
DEBUG: board_modifier.py:119: Setting S3 footprint position: (76200000, 38100000)
DEBUG: board_modifier.py:119: Setting S4 footprint position: (95250000, 38100000)
DEBUG: board_modifier.py:119: Setting S5 footprint position: (38100000, 57150000)
DEBUG: board_modifier.py:119: Setting S6 footprint position: (57150000, 57150000)
DEBUG: board_modifier.py:119: Setting S7 footprint position: (76200000, 57150000)
DEBUG: board_modifier.py:119: Setting S8 footprint position: (95250000, 57150000)
DEBUG: board_modifier.py:119: Setting S9 footprint position: (38100000, 76200000)
DEBUG: board_modifier.py:119: Setting S10 footprint position: (57150000, 76200000)
DEBUG: board_modifier.py:119: Setting S11 footprint position: (76200000, 76200000)
DEBUG: board_modifier.py:119: Setting S12 footprint position: (95250000, 76200000)
DEBUG: board_modifier.py:119: Setting S13 footprint position: (38100000, 95250000)
DEBUG: board_modifier.py:119: Setting S14 footprint position: (57150000, 95250000)
DEBUG: board_modifier.py:119: Setting S15 footprint position: (76200000, 95250000)
DEBUG: board_modifier.py:119: Setting S16 footprint position: (95250000, 95250000)
DEBUG: board_modifier.py:119: Setting S17 footprint position: (38100000, 114300000)
DEBUG: board_modifier.py:119: Setting S18 footprint position: (57150000, 114300000)
DEBUG: board_modifier.py:119: Setting S19 footprint position: (76200000, 114300000)
DEBUG: board_modifier.py:119: Setting S20 footprint position: (95250000, 114300000)
INFO: key_placer.py:1188: Diode info: [ElementInfo(annotation_format='D{}', position_option=<PositionOption.DEFAULT: 'Default'>, position=ElementPosition(x=5.08, y=4.0, orientation=90.0, side=<Side.BACK: 'Back'>), template_path='', start_index=-1)]
DEBUG: board_modifier.py:132: Getting S1 footprint position: (38100000, 38100000)
DEBUG: board_modifier.py:119: Setting D1 footprint position: (43180000, 42100000)
DEBUG: board_modifier.py:132: Getting S2 footprint position: (57150000, 38100000)
DEBUG: board_modifier.py:119: Setting D2 footprint position: (62230000, 42100000)
DEBUG: board_modifier.py:132: Getting S3 footprint position: (76200000, 38100000)
DEBUG: board_modifier.py:119: Setting D3 footprint position: (81280000, 42100000)
DEBUG: board_modifier.py:132: Getting S4 footprint position: (95250000, 38100000)
DEBUG: board_modifier.py:119: Setting D4 footprint position: (100330000, 42100000)
DEBUG: board_modifier.py:132: Getting S5 footprint position: (38100000, 57150000)
DEBUG: board_modifier.py:119: Setting D5 footprint position: (43180000, 61150000)
DEBUG: board_modifier.py:132: Getting S6 footprint position: (57150000, 57150000)
DEBUG: board_modifier.py:119: Setting D6 footprint position: (62230000, 61150000)
DEBUG: board_modifier.py:132: Getting S7 footprint position: (76200000, 57150000)
DEBUG: board_modifier.py:119: Setting D7 footprint position: (81280000, 61150000)
DEBUG: board_modifier.py:132: Getting S8 footprint position: (95250000, 57150000)
DEBUG: board_modifier.py:119: Setting D8 footprint position: (100330000, 61150000)
DEBUG: board_modifier.py:132: Getting S9 footprint position: (38100000, 76200000)
DEBUG: board_modifier.py:119: Setting D9 footprint position: (43180000, 80200000)
DEBUG: board_modifier.py:132: Getting S10 footprint position: (57150000, 76200000)
DEBUG: board_modifier.py:119: Setting D10 footprint position: (62230000, 80200000)
DEBUG: board_modifier.py:132: Getting S11 footprint position: (76200000, 76200000)
DEBUG: board_modifier.py:119: Setting D11 footprint position: (81280000, 80200000)
DEBUG: board_modifier.py:132: Getting S12 footprint position: (95250000, 76200000)
DEBUG: board_modifier.py:119: Setting D12 footprint position: (100330000, 80200000)
DEBUG: board_modifier.py:132: Getting S13 footprint position: (38100000, 95250000)
DEBUG: board_modifier.py:119: Setting D13 footprint position: (43180000, 99250000)
DEBUG: board_modifier.py:132: Getting S14 footprint position: (57150000, 95250000)
DEBUG: board_modifier.py:119: Setting D14 footprint position: (62230000, 99250000)
DEBUG: board_modifier.py:132: Getting S15 footprint position: (76200000, 95250000)
DEBUG: board_modifier.py:119: Setting D15 footprint position: (81280000, 99250000)
DEBUG: board_modifier.py:132: Getting S16 footprint position: (95250000, 95250000)
DEBUG: board_modifier.py:119: Setting D16 footprint position: (100330000, 99250000)
DEBUG: board_modifier.py:132: Getting S17 footprint position: (38100000, 114300000)
DEBUG: board_modifier.py:119: Setting D17 footprint position: (43180000, 118300000)
DEBUG: board_modifier.py:132: Getting S18 footprint position: (57150000, 114300000)
DEBUG: board_modifier.py:119: Setting D18 footprint position: (62230000, 118300000)
DEBUG: board_modifier.py:132: Getting S19 footprint position: (76200000, 114300000)
DEBUG: board_modifier.py:119: Setting D19 footprint position: (81280000, 118300000)
DEBUG: board_modifier.py:132: Getting S20 footprint position: (95250000, 114300000)
DEBUG: board_modifier.py:119: Setting D20 footprint position: (100330000, 118300000)
INFO: key_placer.py:484: Routing S3 with D3
INFO: key_placer.py:486: Using internal autorouter method
DEBUG: board_modifier.py:592: Routing at B.Cu layer
DEBUG: board_modifier.py:609: Netclass: Default, track width: 200000
DEBUG: board_modifier.py:675: Routing pad 'S3:2' at (82215000, 33020000) with pad 'D3:2' at (81280000, 40450000) using coordinate system rotated by 0 degree(s)
INFO: board_modifier.py:494: Adding track segment (B.Cu): [(82215000, 33020000), (82215000, 39515000)]
INFO: board_modifier.py:499: Track added
INFO: board_modifier.py:494: Adding track segment (B.Cu): [(82215000, 39515000), (81280000, 40450000)]
INFO: board_modifier.py:499: Track added
INFO: key_placer.py:484: Routing S11 with D11
INFO: key_placer.py:486: Using internal autorouter method
DEBUG: board_modifier.py:592: Routing at B.Cu layer
DEBUG: board_modifier.py:609: Netclass: Default, track width: 200000
DEBUG: board_modifier.py:675: Routing pad 'S11:2' at (82215000, 71120000) with pad 'D11:2' at (81280000, 78550000) using coordinate system rotated by 0 degree(s)
INFO: board_modifier.py:494: Adding track segment (B.Cu): [(82215000, 71120000), (82215000, 77615000)]
INFO: board_modifier.py:499: Track added
INFO: board_modifier.py:494: Adding track segment (B.Cu): [(82215000, 77615000), (81280000, 78550000)]
INFO: board_modifier.py:499: Track added
INFO: key_placer.py:484: Routing S6 with D6
INFO: key_placer.py:486: Using internal autorouter method
DEBUG: board_modifier.py:592: Routing at B.Cu layer
DEBUG: board_modifier.py:609: Netclass: Default, track width: 200000
DEBUG: board_modifier.py:675: Routing pad 'S6:2' at (63165000, 52070000) with pad 'D6:2' at (62230000, 59500000) using coordinate system rotated by 0 degree(s)
INFO: board_modifier.py:494: Adding track segment (B.Cu): [(63165000, 52070000), (63165000, 58565000)]
INFO: board_modifier.py:499: Track added
INFO: board_modifier.py:494: Adding track segment (B.Cu): [(63165000, 58565000), (62230000, 59500000)]
INFO: board_modifier.py:499: Track added
INFO: key_placer.py:484: Routing S1 with D1
INFO: key_placer.py:486: Using internal autorouter method
DEBUG: board_modifier.py:592: Routing at B.Cu layer
DEBUG: board_modifier.py:609: Netclass: Default, track width: 200000
DEBUG: board_modifier.py:675: Routing pad 'S1:2' at (44115000, 33020000) with pad 'D1:2' at (43180000, 40450000) using coordinate system rotated by 0 degree(s)
INFO: board_modifier.py:494: Adding track segment (B.Cu): [(44115000, 33020000), (44115000, 39515000)]
INFO: board_modifier.py:499: Track added
INFO: board_modifier.py:494: Adding track segment (B.Cu): [(44115000, 39515000), (43180000, 40450000)]
INFO: board_modifier.py:499: Track added
INFO: key_placer.py:484: Routing S2 with D2
INFO: key_placer.py:486: Using internal autorouter method
DEBUG: board_modifier.py:592: Routing at B.Cu layer
DEBUG: board_modifier.py:609: Netclass: Default, track width: 200000
DEBUG: board_modifier.py:675: Routing pad 'S2:2' at (63165000, 33020000) with pad 'D2:2' at (62230000, 40450000) using coordinate system rotated by 0 degree(s)
INFO: board_modifier.py:494: Adding track segment (B.Cu): [(63165000, 33020000), (63165000, 39515000)]
INFO: board_modifier.py:499: Track added
INFO: board_modifier.py:494: Adding track segment (B.Cu): [(63165000, 39515000), (62230000, 40450000)]
INFO: board_modifier.py:499: Track added
INFO: key_placer.py:484: Routing S5 with D5
INFO: key_placer.py:486: Using internal autorouter method
DEBUG: board_modifier.py:592: Routing at B.Cu layer
DEBUG: board_modifier.py:609: Netclass: Default, track width: 200000
DEBUG: board_modifier.py:675: Routing pad 'S5:2' at (44115000, 52070000) with pad 'D5:2' at (43180000, 59500000) using coordinate system rotated by 0 degree(s)
INFO: board_modifier.py:494: Adding track segment (B.Cu): [(44115000, 52070000), (44115000, 58565000)]
INFO: board_modifier.py:499: Track added
INFO: board_modifier.py:494: Adding track segment (B.Cu): [(44115000, 58565000), (43180000, 59500000)]
INFO: board_modifier.py:499: Track added
INFO: key_placer.py:484: Routing S9 with D9
INFO: key_placer.py:486: Using internal autorouter method
DEBUG: board_modifier.py:592: Routing at B.Cu layer
DEBUG: board_modifier.py:609: Netclass: Default, track width: 200000
DEBUG: board_modifier.py:675: Routing pad 'S9:2' at (44115000, 71120000) with pad 'D9:2' at (43180000, 78550000) using coordinate system rotated by 0 degree(s)
INFO: board_modifier.py:494: Adding track segment (B.Cu): [(44115000, 71120000), (44115000, 77615000)]
INFO: board_modifier.py:499: Track added
INFO: board_modifier.py:494: Adding track segment (B.Cu): [(44115000, 77615000), (43180000, 78550000)]
INFO: board_modifier.py:499: Track added
INFO: key_placer.py:484: Routing S4 with D4
INFO: key_placer.py:486: Using internal autorouter method
DEBUG: board_modifier.py:592: Routing at B.Cu layer
DEBUG: board_modifier.py:609: Netclass: Default, track width: 200000
DEBUG: board_modifier.py:675: Routing pad 'S4:2' at (101265000, 33020000) with pad 'D4:2' at (100330000, 40450000) using coordinate system rotated by 0 degree(s)
INFO: board_modifier.py:494: Adding track segment (B.Cu): [(101265000, 33020000), (101265000, 39515000)]
INFO: board_modifier.py:499: Track added
INFO: board_modifier.py:494: Adding track segment (B.Cu): [(101265000, 39515000), (100330000, 40450000)]
INFO: board_modifier.py:499: Track added
INFO: key_placer.py:484: Routing S10 with D10
INFO: key_placer.py:486: Using internal autorouter method
DEBUG: board_modifier.py:592: Routing at B.Cu layer
DEBUG: board_modifier.py:609: Netclass: Default, track width: 200000
DEBUG: board_modifier.py:675: Routing pad 'S10:2' at (63165000, 71120000) with pad 'D10:2' at (62230000, 78550000) using coordinate system rotated by 0 degree(s)
INFO: board_modifier.py:494: Adding track segment (B.Cu): [(63165000, 71120000), (63165000, 77615000)]
INFO: board_modifier.py:499: Track added
INFO: board_modifier.py:494: Adding track segment (B.Cu): [(63165000, 77615000), (62230000, 78550000)]
INFO: board_modifier.py:499: Track added
INFO: key_placer.py:484: Routing S19 with D19
INFO: key_placer.py:486: Using internal autorouter method
DEBUG: board_modifier.py:592: Routing at B.Cu layer
DEBUG: board_modifier.py:609: Netclass: Default, track width: 200000
DEBUG: board_modifier.py:675: Routing pad 'S19:2' at (82215000, 109220000) with pad 'D19:2' at (81280000, 116650000) using coordinate system rotated by 0 degree(s)
INFO: board_modifier.py:494: Adding track segment (B.Cu): [(82215000, 109220000), (82215000, 115715000)]
INFO: board_modifier.py:499: Track added
INFO: board_modifier.py:494: Adding track segment (B.Cu): [(82215000, 115715000), (81280000, 116650000)]
INFO: board_modifier.py:499: Track added
INFO: key_placer.py:484: Routing S13 with D13
INFO: key_placer.py:486: Using internal autorouter method
DEBUG: board_modifier.py:592: Routing at B.Cu layer
DEBUG: board_modifier.py:609: Netclass: Default, track width: 200000
DEBUG: board_modifier.py:675: Routing pad 'S13:2' at (44115000, 90170000) with pad 'D13:2' at (43180000, 97600000) using coordinate system rotated by 0 degree(s)
INFO: board_modifier.py:494: Adding track segment (B.Cu): [(44115000, 90170000), (44115000, 96665000)]
INFO: board_modifier.py:499: Track added
INFO: board_modifier.py:494: Adding track segment (B.Cu): [(44115000, 96665000), (43180000, 97600000)]
INFO: board_modifier.py:499: Track added
INFO: key_placer.py:484: Routing S17 with D17
INFO: key_placer.py:486: Using internal autorouter method
DEBUG: board_modifier.py:592: Routing at B.Cu layer
DEBUG: board_modifier.py:609: Netclass: Default, track width: 200000
DEBUG: board_modifier.py:675: Routing pad 'S17:2' at (44115000, 109220000) with pad 'D17:2' at (43180000, 116650000) using coordinate system rotated by 0 degree(s)
INFO: board_modifier.py:494: Adding track segment (B.Cu): [(44115000, 109220000), (44115000, 115715000)]
INFO: board_modifier.py:499: Track added
INFO: board_modifier.py:494: Adding track segment (B.Cu): [(44115000, 115715000), (43180000, 116650000)]
INFO: board_modifier.py:499: Track added
INFO: key_placer.py:484: Routing S8 with D8
INFO: key_placer.py:486: Using internal autorouter method
DEBUG: board_modifier.py:592: Routing at B.Cu layer
DEBUG: board_modifier.py:609: Netclass: Default, track width: 200000
DEBUG: board_modifier.py:675: Routing pad 'S8:2' at (101265000, 52070000) with pad 'D8:2' at (100330000, 59500000) using coordinate system rotated by 0 degree(s)
INFO: board_modifier.py:494: Adding track segment (B.Cu): [(101265000, 52070000), (101265000, 58565000)]
INFO: board_modifier.py:499: Track added
INFO: board_modifier.py:494: Adding track segment (B.Cu): [(101265000, 58565000), (100330000, 59500000)]
INFO: board_modifier.py:499: Track added
INFO: key_placer.py:484: Routing S20 with D20
INFO: key_placer.py:486: Using internal autorouter method
DEBUG: board_modifier.py:592: Routing at B.Cu layer
DEBUG: board_modifier.py:609: Netclass: Default, track width: 200000
DEBUG: board_modifier.py:675: Routing pad 'S20:2' at (101265000, 109220000) with pad 'D20:2' at (100330000, 116650000) using coordinate system rotated by 0 degree(s)
INFO: board_modifier.py:494: Adding track segment (B.Cu): [(101265000, 109220000), (101265000, 115715000)]
INFO: board_modifier.py:499: Track added
INFO: board_modifier.py:494: Adding track segment (B.Cu): [(101265000, 115715000), (100330000, 116650000)]
INFO: board_modifier.py:499: Track added
INFO: key_placer.py:484: Routing S7 with D7
INFO: key_placer.py:486: Using internal autorouter method
DEBUG: board_modifier.py:592: Routing at B.Cu layer
DEBUG: board_modifier.py:609: Netclass: Default, track width: 200000
DEBUG: board_modifier.py:675: Routing pad 'S7:2' at (82215000, 52070000) with pad 'D7:2' at (81280000, 59500000) using coordinate system rotated by 0 degree(s)
INFO: board_modifier.py:494: Adding track segment (B.Cu): [(82215000, 52070000), (82215000, 58565000)]
INFO: board_modifier.py:499: Track added
INFO: board_modifier.py:494: Adding track segment (B.Cu): [(82215000, 58565000), (81280000, 59500000)]
INFO: board_modifier.py:499: Track added
INFO: key_placer.py:484: Routing S16 with D16
INFO: key_placer.py:486: Using internal autorouter method
DEBUG: board_modifier.py:592: Routing at B.Cu layer
DEBUG: board_modifier.py:609: Netclass: Default, track width: 200000
DEBUG: board_modifier.py:675: Routing pad 'S16:2' at (101265000, 90170000) with pad 'D16:2' at (100330000, 97600000) using coordinate system rotated by 0 degree(s)
INFO: board_modifier.py:494: Adding track segment (B.Cu): [(101265000, 90170000), (101265000, 96665000)]
INFO: board_modifier.py:499: Track added
INFO: board_modifier.py:494: Adding track segment (B.Cu): [(101265000, 96665000), (100330000, 97600000)]
INFO: board_modifier.py:499: Track added
INFO: key_placer.py:484: Routing S18 with D18
INFO: key_placer.py:486: Using internal autorouter method
DEBUG: board_modifier.py:592: Routing at B.Cu layer
DEBUG: board_modifier.py:609: Netclass: Default, track width: 200000
DEBUG: board_modifier.py:675: Routing pad 'S18:2' at (63165000, 109220000) with pad 'D18:2' at (62230000, 116650000) using coordinate system rotated by 0 degree(s)
INFO: board_modifier.py:494: Adding track segment (B.Cu): [(63165000, 109220000), (63165000, 115715000)]
INFO: board_modifier.py:499: Track added
INFO: board_modifier.py:494: Adding track segment (B.Cu): [(63165000, 115715000), (62230000, 116650000)]
INFO: board_modifier.py:499: Track added
INFO: key_placer.py:484: Routing S12 with D12
INFO: key_placer.py:486: Using internal autorouter method
DEBUG: board_modifier.py:592: Routing at B.Cu layer
DEBUG: board_modifier.py:609: Netclass: Default, track width: 200000
DEBUG: board_modifier.py:675: Routing pad 'S12:2' at (101265000, 71120000) with pad 'D12:2' at (100330000, 78550000) using coordinate system rotated by 0 degree(s)
INFO: board_modifier.py:494: Adding track segment (B.Cu): [(101265000, 71120000), (101265000, 77615000)]
INFO: board_modifier.py:499: Track added
INFO: board_modifier.py:494: Adding track segment (B.Cu): [(101265000, 77615000), (100330000, 78550000)]
INFO: board_modifier.py:499: Track added
INFO: key_placer.py:484: Routing S15 with D15
INFO: key_placer.py:486: Using internal autorouter method
DEBUG: board_modifier.py:592: Routing at B.Cu layer
DEBUG: board_modifier.py:609: Netclass: Default, track width: 200000
DEBUG: board_modifier.py:675: Routing pad 'S15:2' at (82215000, 90170000) with pad 'D15:2' at (81280000, 97600000) using coordinate system rotated by 0 degree(s)
INFO: board_modifier.py:494: Adding track segment (B.Cu): [(82215000, 90170000), (82215000, 96665000)]
INFO: board_modifier.py:499: Track added
INFO: board_modifier.py:494: Adding track segment (B.Cu): [(82215000, 96665000), (81280000, 97600000)]
INFO: board_modifier.py:499: Track added
INFO: key_placer.py:484: Routing S14 with D14
INFO: key_placer.py:486: Using internal autorouter method
DEBUG: board_modifier.py:592: Routing at B.Cu layer
DEBUG: board_modifier.py:609: Netclass: Default, track width: 200000
DEBUG: board_modifier.py:675: Routing pad 'S14:2' at (63165000, 90170000) with pad 'D14:2' at (62230000, 97600000) using coordinate system rotated by 0 degree(s)
INFO: board_modifier.py:494: Adding track segment (B.Cu): [(63165000, 90170000), (63165000, 96665000)]
INFO: board_modifier.py:499: Track added
INFO: board_modifier.py:494: Adding track segment (B.Cu): [(63165000, 96665000), (62230000, 97600000)]
INFO: board_modifier.py:499: Track added
DEBUG: key_placer.py:985: Routing row4 pads
DEBUG: board_modifier.py:592: Routing at B.Cu layer
DEBUG: board_modifier.py:609: Netclass: Default, track width: 200000
DEBUG: board_modifier.py:675: Routing pad 'D17:1' at (43180000, 119950000) with pad 'D18:1' at (62230000, 119950000) using coordinate system rotated by 0 degree(s)
INFO: board_modifier.py:494: Adding track segment (B.Cu): [(43180000, 119950000), (62230000, 119950000)]
INFO: board_modifier.py:499: Track added
DEBUG: board_modifier.py:592: Routing at B.Cu layer
DEBUG: board_modifier.py:609: Netclass: Default, track width: 200000
DEBUG: board_modifier.py:675: Routing pad 'D18:1' at (62230000, 119950000) with pad 'D19:1' at (81280000, 119950000) using coordinate system rotated by 0 degree(s)
INFO: board_modifier.py:494: Adding track segment (B.Cu): [(62230000, 119950000), (81280000, 119950000)]
INFO: board_modifier.py:499: Track added
DEBUG: board_modifier.py:592: Routing at B.Cu layer
DEBUG: board_modifier.py:609: Netclass: Default, track width: 200000
DEBUG: board_modifier.py:675: Routing pad 'D19:1' at (81280000, 119950000) with pad 'D20:1' at (100330000, 119950000) using coordinate system rotated by 0 degree(s)
INFO: board_modifier.py:494: Adding track segment (B.Cu): [(81280000, 119950000), (100330000, 119950000)]
INFO: board_modifier.py:499: Track added
DEBUG: board_modifier.py:592: Routing at B.Cu layer
DEBUG: board_modifier.py:609: Netclass: Default, track width: 200000
DEBUG: board_modifier.py:675: Routing pad 'D20:1' at (100330000, 119950000) with pad 'U1:6' at (207110000, 33570000) using coordinate system rotated by 0 degree(s)
INFO: board_modifier.py:494: Adding track segment (B.Cu): [(100330000, 119950000), (120730000, 119950000)]
INFO: board_modifier.py:499: Track added
INFO: board_modifier.py:494: Adding track segment (B.Cu): [(120730000, 119950000), (207110000, 33570000)]
INFO: board_modifier.py:499: Track added
WARNING: board_modifier.py:585: Could not route pads, no common layers found. Pads: 'D20:1', 'U1:6'
DEBUG: key_placer.py:985: Routing row1 pads
DEBUG: board_modifier.py:592: Routing at B.Cu layer
DEBUG: board_modifier.py:609: Netclass: Default, track width: 200000
DEBUG: board_modifier.py:675: Routing pad 'D5:1' at (43180000, 62800000) with pad 'D6:1' at (62230000, 62800000) using coordinate system rotated by 0 degree(s)
INFO: board_modifier.py:494: Adding track segment (B.Cu): [(43180000, 62800000), (62230000, 62800000)]
INFO: board_modifier.py:499: Track added
DEBUG: board_modifier.py:592: Routing at B.Cu layer
DEBUG: board_modifier.py:609: Netclass: Default, track width: 200000
DEBUG: board_modifier.py:675: Routing pad 'D6:1' at (62230000, 62800000) with pad 'D7:1' at (81280000, 62800000) using coordinate system rotated by 0 degree(s)
INFO: board_modifier.py:494: Adding track segment (B.Cu): [(62230000, 62800000), (81280000, 62800000)]
INFO: board_modifier.py:499: Track added
DEBUG: board_modifier.py:592: Routing at B.Cu layer
DEBUG: board_modifier.py:609: Netclass: Default, track width: 200000
DEBUG: board_modifier.py:675: Routing pad 'D7:1' at (81280000, 62800000) with pad 'D8:1' at (100330000, 62800000) using coordinate system rotated by 0 degree(s)
INFO: board_modifier.py:494: Adding track segment (B.Cu): [(81280000, 62800000), (100330000, 62800000)]
INFO: board_modifier.py:499: Track added
DEBUG: board_modifier.py:592: Routing at B.Cu layer
DEBUG: board_modifier.py:609: Netclass: Default, track width: 200000
DEBUG: board_modifier.py:675: Routing pad 'D8:1' at (100330000, 62800000) with pad 'U1:2' at (207110000, 23410000) using coordinate system rotated by 0 degree(s)
INFO: board_modifier.py:494: Adding track segment (B.Cu): [(100330000, 62800000), (167720000, 62800000)]
INFO: board_modifier.py:499: Track added
INFO: board_modifier.py:494: Adding track segment (B.Cu): [(167720000, 62800000), (207110000, 23410000)]
INFO: board_modifier.py:499: Track added
WARNING: board_modifier.py:585: Could not route pads, no common layers found. Pads: 'D8:1', 'U1:2'
DEBUG: key_placer.py:985: Routing col2 pads
DEBUG: board_modifier.py:592: Routing at B.Cu layer
DEBUG: board_modifier.py:609: Netclass: Default, track width: 200000
DEBUG: board_modifier.py:675: Routing pad 'S3:1' at (68790000, 35560000) with pad 'S7:1' at (68790000, 54610000) using coordinate system rotated by 0 degree(s)
INFO: board_modifier.py:494: Adding track segment (B.Cu): [(68790000, 35560000), (68790000, 54610000)]
INFO: board_modifier.py:499: Track added
DEBUG: board_modifier.py:592: Routing at B.Cu layer
DEBUG: board_modifier.py:609: Netclass: Default, track width: 200000
DEBUG: board_modifier.py:675: Routing pad 'S7:1' at (68790000, 54610000) with pad 'S11:1' at (68790000, 73660000) using coordinate system rotated by 0 degree(s)
INFO: board_modifier.py:494: Adding track segment (B.Cu): [(68790000, 54610000), (68790000, 73660000)]
DEBUG: board_modifier.py:504: Could not add track segment due to detected collision
DEBUG: board_modifier.py:592: Routing at B.Cu layer
DEBUG: board_modifier.py:609: Netclass: Default, track width: 200000
DEBUG: board_modifier.py:675: Routing pad 'S11:1' at (68790000, 73660000) with pad 'S15:1' at (68790000, 92710000) using coordinate system rotated by 0 degree(s)
INFO: board_modifier.py:494: Adding track segment (B.Cu): [(68790000, 73660000), (68790000, 92710000)]
INFO: board_modifier.py:499: Track added
DEBUG: board_modifier.py:592: Routing at B.Cu layer
DEBUG: board_modifier.py:609: Netclass: Default, track width: 200000
DEBUG: board_modifier.py:675: Routing pad 'S15:1' at (68790000, 92710000) with pad 'S19:1' at (68790000, 111760000) using coordinate system rotated by 0 degree(s)
INFO: board_modifier.py:494: Adding track segment (B.Cu): [(68790000, 92710000), (68790000, 111760000)]
INFO: board_modifier.py:499: Track added
WARNING: board_modifier.py:585: Could not route pads, no common layers found. Pads: 'S7:1', 'U1:11'
DEBUG: board_modifier.py:592: Routing at B.Cu layer
DEBUG: board_modifier.py:609: Netclass: Default, track width: 200000
DEBUG: board_modifier.py:675: Routing pad 'S7:1' at (68790000, 54610000) with pad 'U1:11' at (207110000, 46270000) using coordinate system rotated by 0 degree(s)
DEBUG: key_placer.py:985: Routing row2 pads
DEBUG: board_modifier.py:592: Routing at B.Cu layer
DEBUG: board_modifier.py:609: Netclass: Default, track width: 200000
DEBUG: board_modifier.py:675: Routing pad 'D9:1' at (43180000, 81850000) with pad 'D10:1' at (62230000, 81850000) using coordinate system rotated by 0 degree(s)
INFO: board_modifier.py:494: Adding track segment (B.Cu): [(43180000, 81850000), (62230000, 81850000)]
INFO: board_modifier.py:499: Track added
DEBUG: board_modifier.py:592: Routing at B.Cu layer
DEBUG: board_modifier.py:609: Netclass: Default, track width: 200000
DEBUG: board_modifier.py:675: Routing pad 'D10:1' at (62230000, 81850000) with pad 'D11:1' at (81280000, 81850000) using coordinate system rotated by 0 degree(s)
INFO: board_modifier.py:494: Adding track segment (B.Cu): [(62230000, 81850000), (81280000, 81850000)]
DEBUG: board_modifier.py:504: Could not add track segment due to detected collision
DEBUG: board_modifier.py:592: Routing at B.Cu layer
DEBUG: board_modifier.py:609: Netclass: Default, track width: 200000
DEBUG: board_modifier.py:675: Routing pad 'D11:1' at (81280000, 81850000) with pad 'D12:1' at (100330000, 81850000) using coordinate system rotated by 0 degree(s)
INFO: board_modifier.py:494: Adding track segment (B.Cu): [(81280000, 81850000), (100330000, 81850000)]
INFO: board_modifier.py:499: Track added
DEBUG: board_modifier.py:592: Routing at B.Cu layer
DEBUG: board_modifier.py:609: Netclass: Default, track width: 200000
DEBUG: board_modifier.py:675: Routing pad 'D12:1' at (100330000, 81850000) with pad 'U1:4' at (207110000, 28490000) using coordinate system rotated by 0 degree(s)
INFO: board_modifier.py:494: Adding track segment (B.Cu): [(100330000, 81850000), (153750000, 81850000)]
INFO: board_modifier.py:499: Track added
INFO: board_modifier.py:494: Adding track segment (B.Cu): [(153750000, 81850000), (207110000, 28490000)]
INFO: board_modifier.py:499: Track added
WARNING: board_modifier.py:585: Could not route pads, no common layers found. Pads: 'D12:1', 'U1:4'
DEBUG: key_placer.py:985: Routing col1 pads
DEBUG: board_modifier.py:592: Routing at B.Cu layer
DEBUG: board_modifier.py:609: Netclass: Default, track width: 200000
DEBUG: board_modifier.py:675: Routing pad 'S2:1' at (49740000, 35560000) with pad 'S6:1' at (49740000, 54610000) using coordinate system rotated by 0 degree(s)
INFO: board_modifier.py:494: Adding track segment (B.Cu): [(49740000, 35560000), (49740000, 54610000)]
INFO: board_modifier.py:499: Track added
DEBUG: board_modifier.py:592: Routing at B.Cu layer
DEBUG: board_modifier.py:609: Netclass: Default, track width: 200000
DEBUG: board_modifier.py:675: Routing pad 'S6:1' at (49740000, 54610000) with pad 'S10:1' at (49740000, 73660000) using coordinate system rotated by 0 degree(s)
INFO: board_modifier.py:494: Adding track segment (B.Cu): [(49740000, 54610000), (49740000, 73660000)]
DEBUG: board_modifier.py:504: Could not add track segment due to detected collision
DEBUG: board_modifier.py:592: Routing at B.Cu layer
DEBUG: board_modifier.py:609: Netclass: Default, track width: 200000
DEBUG: board_modifier.py:675: Routing pad 'S10:1' at (49740000, 73660000) with pad 'S14:1' at (49740000, 92710000) using coordinate system rotated by 0 degree(s)
INFO: board_modifier.py:494: Adding track segment (B.Cu): [(49740000, 73660000), (49740000, 92710000)]
DEBUG: board_modifier.py:504: Could not add track segment due to detected collision
DEBUG: board_modifier.py:592: Routing at B.Cu layer
DEBUG: board_modifier.py:609: Netclass: Default, track width: 200000
DEBUG: board_modifier.py:675: Routing pad 'S14:1' at (49740000, 92710000) with pad 'S18:1' at (49740000, 111760000) using coordinate system rotated by 0 degree(s)
INFO: board_modifier.py:494: Adding track segment (B.Cu): [(49740000, 92710000), (49740000, 111760000)]
INFO: board_modifier.py:499: Track added
WARNING: board_modifier.py:585: Could not route pads, no common layers found. Pads: 'S2:1', 'U1:10'
DEBUG: board_modifier.py:592: Routing at B.Cu layer
DEBUG: board_modifier.py:609: Netclass: Default, track width: 200000
DEBUG: board_modifier.py:675: Routing pad 'S2:1' at (49740000, 35560000) with pad 'U1:10' at (207110000, 43730000) using coordinate system rotated by 0 degree(s)
DEBUG: key_placer.py:985: Routing row3 pads
DEBUG: board_modifier.py:592: Routing at B.Cu layer
DEBUG: board_modifier.py:609: Netclass: Default, track width: 200000
DEBUG: board_modifier.py:675: Routing pad 'D13:1' at (43180000, 100900000) with pad 'D14:1' at (62230000, 100900000) using coordinate system rotated by 0 degree(s)
INFO: board_modifier.py:494: Adding track segment (B.Cu): [(43180000, 100900000), (62230000, 100900000)]
DEBUG: board_modifier.py:504: Could not add track segment due to detected collision
DEBUG: board_modifier.py:592: Routing at B.Cu layer
DEBUG: board_modifier.py:609: Netclass: Default, track width: 200000
DEBUG: board_modifier.py:675: Routing pad 'D14:1' at (62230000, 100900000) with pad 'D15:1' at (81280000, 100900000) using coordinate system rotated by 0 degree(s)
INFO: board_modifier.py:494: Adding track segment (B.Cu): [(62230000, 100900000), (81280000, 100900000)]
DEBUG: board_modifier.py:504: Could not add track segment due to detected collision
DEBUG: board_modifier.py:592: Routing at B.Cu layer
DEBUG: board_modifier.py:609: Netclass: Default, track width: 200000
DEBUG: board_modifier.py:675: Routing pad 'D15:1' at (81280000, 100900000) with pad 'D16:1' at (100330000, 100900000) using coordinate system rotated by 0 degree(s)
INFO: board_modifier.py:494: Adding track segment (B.Cu): [(81280000, 100900000), (100330000, 100900000)]
INFO: board_modifier.py:499: Track added
DEBUG: board_modifier.py:592: Routing at B.Cu layer
DEBUG: board_modifier.py:609: Netclass: Default, track width: 200000
DEBUG: board_modifier.py:675: Routing pad 'D16:1' at (100330000, 100900000) with pad 'U1:5' at (207110000, 31030000) using coordinate system rotated by 0 degree(s)
INFO: board_modifier.py:494: Adding track segment (B.Cu): [(100330000, 100900000), (137240000, 100900000)]
INFO: board_modifier.py:499: Track added
INFO: board_modifier.py:494: Adding track segment (B.Cu): [(137240000, 100900000), (207110000, 31030000)]
INFO: board_modifier.py:499: Track added
WARNING: board_modifier.py:585: Could not route pads, no common layers found. Pads: 'D16:1', 'U1:5'
DEBUG: key_placer.py:985: Routing row0 pads
DEBUG: board_modifier.py:592: Routing at B.Cu layer
DEBUG: board_modifier.py:609: Netclass: Default, track width: 200000
DEBUG: board_modifier.py:675: Routing pad 'D1:1' at (43180000, 43750000) with pad 'D2:1' at (62230000, 43750000) using coordinate system rotated by 0 degree(s)
INFO: board_modifier.py:494: Adding track segment (B.Cu): [(43180000, 43750000), (62230000, 43750000)]
DEBUG: board_modifier.py:504: Could not add track segment due to detected collision
DEBUG: board_modifier.py:592: Routing at B.Cu layer
DEBUG: board_modifier.py:609: Netclass: Default, track width: 200000
DEBUG: board_modifier.py:675: Routing pad 'D2:1' at (62230000, 43750000) with pad 'D3:1' at (81280000, 43750000) using coordinate system rotated by 0 degree(s)
INFO: board_modifier.py:494: Adding track segment (B.Cu): [(62230000, 43750000), (81280000, 43750000)]
DEBUG: board_modifier.py:504: Could not add track segment due to detected collision
DEBUG: board_modifier.py:592: Routing at B.Cu layer
DEBUG: board_modifier.py:609: Netclass: Default, track width: 200000
DEBUG: board_modifier.py:675: Routing pad 'D3:1' at (81280000, 43750000) with pad 'D4:1' at (100330000, 43750000) using coordinate system rotated by 0 degree(s)
INFO: board_modifier.py:494: Adding track segment (B.Cu): [(81280000, 43750000), (100330000, 43750000)]
INFO: board_modifier.py:499: Track added
DEBUG: board_modifier.py:592: Routing at B.Cu layer
DEBUG: board_modifier.py:609: Netclass: Default, track width: 200000
DEBUG: board_modifier.py:675: Routing pad 'D4:1' at (100330000, 43750000) with pad 'U1:1' at (207110000, 20870000) using coordinate system rotated by 0 degree(s)
INFO: board_modifier.py:494: Adding track segment (B.Cu): [(100330000, 43750000), (184230000, 43750000)]
INFO: board_modifier.py:499: Track added
INFO: board_modifier.py:494: Adding track segment (B.Cu): [(184230000, 43750000), (207110000, 20870000)]
INFO: board_modifier.py:499: Track added
WARNING: board_modifier.py:585: Could not route pads, no common layers found. Pads: 'D4:1', 'U1:1'
DEBUG: key_placer.py:985: Routing col3 pads
DEBUG: board_modifier.py:592: Routing at B.Cu layer
DEBUG: board_modifier.py:609: Netclass: Default, track width: 200000
DEBUG: board_modifier.py:675: Routing pad 'S4:1' at (87840000, 35560000) with pad 'S8:1' at (87840000, 54610000) using coordinate system rotated by 0 degree(s)
INFO: board_modifier.py:494: Adding track segment (B.Cu): [(87840000, 35560000), (87840000, 54610000)]
DEBUG: board_modifier.py:504: Could not add track segment due to detected collision
DEBUG: board_modifier.py:592: Routing at B.Cu layer
DEBUG: board_modifier.py:609: Netclass: Default, track width: 200000
DEBUG: board_modifier.py:675: Routing pad 'S8:1' at (87840000, 54610000) with pad 'S12:1' at (87840000, 73660000) using coordinate system rotated by 0 degree(s)
INFO: board_modifier.py:494: Adding track segment (B.Cu): [(87840000, 54610000), (87840000, 73660000)]
DEBUG: board_modifier.py:504: Could not add track segment due to detected collision
DEBUG: board_modifier.py:592: Routing at B.Cu layer
DEBUG: board_modifier.py:609: Netclass: Default, track width: 200000
DEBUG: board_modifier.py:675: Routing pad 'S12:1' at (87840000, 73660000) with pad 'S16:1' at (87840000, 92710000) using coordinate system rotated by 0 degree(s)
INFO: board_modifier.py:494: Adding track segment (B.Cu): [(87840000, 73660000), (87840000, 92710000)]
DEBUG: board_modifier.py:504: Could not add track segment due to detected collision
DEBUG: board_modifier.py:592: Routing at B.Cu layer
DEBUG: board_modifier.py:609: Netclass: Default, track width: 200000
DEBUG: board_modifier.py:675: Routing pad 'S16:1' at (87840000, 92710000) with pad 'S20:1' at (87840000, 111760000) using coordinate system rotated by 0 degree(s)
INFO: board_modifier.py:494: Adding track segment (B.Cu): [(87840000, 92710000), (87840000, 111760000)]
DEBUG: board_modifier.py:504: Could not add track segment due to detected collision
WARNING: board_modifier.py:585: Could not route pads, no common layers found. Pads: 'S8:1', 'U1:12'
DEBUG: board_modifier.py:592: Routing at B.Cu layer
DEBUG: board_modifier.py:609: Netclass: Default, track width: 200000
DEBUG: board_modifier.py:675: Routing pad 'S8:1' at (87840000, 54610000) with pad 'U1:12' at (207110000, 48810000) using coordinate system rotated by 0 degree(s)
DEBUG: key_placer.py:985: Routing col0 pads
DEBUG: board_modifier.py:592: Routing at B.Cu layer
DEBUG: board_modifier.py:609: Netclass: Default, track width: 200000
DEBUG: board_modifier.py:675: Routing pad 'S1:1' at (30690000, 35560000) with pad 'S5:1' at (30690000, 54610000) using coordinate system rotated by 0 degree(s)
INFO: board_modifier.py:494: Adding track segment (B.Cu): [(30690000, 35560000), (30690000, 54610000)]
INFO: board_modifier.py:499: Track added
DEBUG: board_modifier.py:592: Routing at B.Cu layer
DEBUG: board_modifier.py:609: Netclass: Default, track width: 200000
DEBUG: board_modifier.py:675: Routing pad 'S5:1' at (30690000, 54610000) with pad 'S9:1' at (30690000, 73660000) using coordinate system rotated by 0 degree(s)
INFO: board_modifier.py:494: Adding track segment (B.Cu): [(30690000, 54610000), (30690000, 73660000)]
INFO: board_modifier.py:499: Track added
DEBUG: board_modifier.py:592: Routing at B.Cu layer
DEBUG: board_modifier.py:609: Netclass: Default, track width: 200000
DEBUG: board_modifier.py:675: Routing pad 'S9:1' at (30690000, 73660000) with pad 'S13:1' at (30690000, 92710000) using coordinate system rotated by 0 degree(s)
INFO: board_modifier.py:494: Adding track segment (B.Cu): [(30690000, 73660000), (30690000, 92710000)]
INFO: board_modifier.py:499: Track added
DEBUG: board_modifier.py:592: Routing at B.Cu layer
DEBUG: board_modifier.py:609: Netclass: Default, track width: 200000
DEBUG: board_modifier.py:675: Routing pad 'S13:1' at (30690000, 92710000) with pad 'S17:1' at (30690000, 111760000) using coordinate system rotated by 0 degree(s)
INFO: board_modifier.py:494: Adding track segment (B.Cu): [(30690000, 92710000), (30690000, 111760000)]
INFO: board_modifier.py:499: Track added
WARNING: board_modifier.py:585: Could not route pads, no common layers found. Pads: 'S1:1', 'U1:9'
DEBUG: board_modifier.py:592: Routing at B.Cu layer
DEBUG: board_modifier.py:609: Netclass: Default, track width: 200000
DEBUG: board_modifier.py:675: Routing pad 'S1:1' at (30690000, 35560000) with pad 'U1:9' at (207110000, 41190000) using coordinate system rotated by 0 degree(s)
INFO: key_placer.py:518: Removing dangling tracks
